host:    node12
cpus:    16
started: Tue 18 Aug 00:33:43 BST 2026
videos in scope: 5156
already done:    655
to process:      4501
[25/4501] 1.4 videos/s, ~52.1 min remaining, ok=25
[50/4501] 1.7 videos/s, ~44.2 min remaining, ok=50
[75/4501] 1.8 videos/s, ~41.2 min remaining, ok=75
[100/4501] 1.8 videos/s, ~39.7 min remaining, ok=100
[125/4501] 1.8 videos/s, ~39.7 min remaining, ok=125
[150/4501] 1.9 videos/s, ~38.2 min remaining, ok=150
[175/4501] 1.9 videos/s, ~37.0 min remaining, ok=175
[200/4501] 2.0 videos/s, ~36.7 min remaining, ok=200
[225/4501] 2.0 videos/s, ~36.4 min remaining, ok=225
[250/4501] 2.0 videos/s, ~35.4 min remaining, ok=250
[275/4501] 2.0 videos/s, ~34.8 min remaining, ok=275
[300/4501] 2.0 videos/s, ~34.6 min remaining, ok=300
[325/4501] 2.1 videos/s, ~33.9 min remaining, ok=325
[350/4501] 2.1 videos/s, ~33.6 min remaining, ok=350
[375/4501] 2.1 videos/s, ~33.4 min remaining, ok=375
[400/4501] 2.1 videos/s, ~33.0 min remaining, ok=400
[425/4501] 2.1 videos/s, ~32.7 min remaining, ok=425
[450/4501] 2.1 videos/s, ~32.6 min remaining, ok=450
[475/4501] 2.1 videos/s, ~32.4 min remaining, ok=475
[500/4501] 2.1 videos/s, ~32.1 min remaining, ok=500
[525/4501] 2.1 videos/s, ~32.1 min remaining, ok=525
[550/4501] 2.1 videos/s, ~31.9 min remaining, ok=550
[575/4501] 2.1 videos/s, ~31.6 min remaining, ok=575
[600/4501] 2.1 videos/s, ~31.4 min remaining, ok=600
[625/4501] 2.1 videos/s, ~31.2 min remaining, ok=625
[650/4501] 2.1 videos/s, ~31.0 min remaining, ok=650
[675/4501] 2.1 videos/s, ~30.9 min remaining, ok=675
[700/4501] 2.1 videos/s, ~30.7 min remaining, ok=700
[725/4501] 2.1 videos/s, ~30.5 min remaining, ok=725
[750/4501] 2.1 videos/s, ~30.3 min remaining, ok=750
[775/4501] 2.1 videos/s, ~30.1 min remaining, ok=775
[800/4501] 2.1 videos/s, ~30.0 min remaining, ok=800
[825/4501] 2.1 videos/s, ~29.8 min remaining, ok=825
[850/4501] 2.1 videos/s, ~29.7 min remaining, ok=850
[875/4501] 2.1 videos/s, ~29.5 min remaining, ok=875
[900/4501] 2.1 videos/s, ~29.3 min remaining, ok=900
[925/4501] 2.0 videos/s, ~29.2 min remaining, ok=925
[950/4501] 2.0 videos/s, ~28.9 min remaining, ok=950
[975/4501] 2.1 videos/s, ~28.6 min remaining, ok=975
[1000/4501] 2.0 videos/s, ~28.5 min remaining, ok=1000
[1025/4501] 2.1 videos/s, ~28.2 min remaining, ok=1025
[1050/4501] 2.1 videos/s, ~28.0 min remaining, ok=1050
[1075/4501] 2.1 videos/s, ~27.8 min remaining, ok=1075
[1100/4501] 2.1 videos/s, ~27.6 min remaining, ok=1100
[1125/4501] 2.1 videos/s, ~27.3 min remaining, ok=1125
[1150/4501] 2.1 videos/s, ~27.1 min remaining, ok=1150
[1175/4501] 2.1 videos/s, ~26.9 min remaining, ok=1175
[1200/4501] 2.1 videos/s, ~26.8 min remaining, ok=1200
[1225/4501] 2.1 videos/s, ~26.6 min remaining, ok=1225
[1250/4501] 2.0 videos/s, ~26.5 min remaining, ok=1250
[1275/4501] 2.0 videos/s, ~26.3 min remaining, ok=1275
[1300/4501] 2.0 videos/s, ~26.1 min remaining, ok=1300
[1325/4501] 2.0 videos/s, ~26.0 min remaining, ok=1325
[1350/4501] 2.0 videos/s, ~25.8 min remaining, ok=1350
[1375/4501] 2.0 videos/s, ~25.6 min remaining, ok=1375
[1400/4501] 2.0 videos/s, ~25.5 min remaining, ok=1400
[1425/4501] 2.0 videos/s, ~25.3 min remaining, ok=1425
[1450/4501] 2.0 videos/s, ~25.1 min remaining, ok=1450
[1475/4501] 2.0 videos/s, ~24.9 min remaining, ok=1475
[1500/4501] 2.0 videos/s, ~24.7 min remaining, ok=1500
[1525/4501] 2.0 videos/s, ~24.5 min remaining, ok=1525
[1550/4501] 2.0 videos/s, ~24.2 min remaining, ok=1550
[1575/4501] 2.0 videos/s, ~24.0 min remaining, ok=1575
[1600/4501] 2.0 videos/s, ~23.8 min remaining, ok=1600
[1625/4501] 2.0 videos/s, ~23.6 min remaining, ok=1625
[1650/4501] 2.0 videos/s, ~23.4 min remaining, ok=1650
[1675/4501] 2.0 videos/s, ~23.3 min remaining, ok=1675
[1700/4501] 2.0 videos/s, ~23.0 min remaining, ok=1700
[1725/4501] 2.0 videos/s, ~22.8 min remaining, ok=1725
[1750/4501] 2.0 videos/s, ~22.7 min remaining, ok=1750
[1775/4501] 2.0 videos/s, ~22.5 min remaining, ok=1775
[1800/4501] 2.0 videos/s, ~22.2 min remaining, ok=1800
[1825/4501] 2.0 videos/s, ~22.1 min remaining, ok=1825
[1850/4501] 2.0 videos/s, ~21.9 min remaining, ok=1850
[1875/4501] 2.0 videos/s, ~21.6 min remaining, ok=1875
[1900/4501] 2.0 videos/s, ~21.4 min remaining, ok=1900
[1925/4501] 2.0 videos/s, ~21.2 min remaining, ok=1925
[1950/4501] 2.0 videos/s, ~21.0 min remaining, ok=1950
[1975/4501] 2.0 videos/s, ~20.8 min remaining, ok=1975
[2000/4501] 2.0 videos/s, ~20.5 min remaining, ok=2000
[2025/4501] 2.0 videos/s, ~20.3 min remaining, ok=2025
[2050/4501] 2.0 videos/s, ~20.1 min remaining, ok=2050
[2075/4501] 2.0 videos/s, ~19.9 min remaining, ok=2075
[2100/4501] 2.0 videos/s, ~19.7 min remaining, ok=2100
[2125/4501] 2.0 videos/s, ~19.5 min remaining, ok=2125
[2150/4501] 2.0 videos/s, ~19.3 min remaining, ok=2150
[2175/4501] 2.0 videos/s, ~19.0 min remaining, ok=2175
[2200/4501] 2.0 videos/s, ~18.8 min remaining, ok=2200
[2225/4501] 2.0 videos/s, ~18.6 min remaining, ok=2225
[2250/4501] 2.0 videos/s, ~18.4 min remaining, ok=2250
[2275/4501] 2.0 videos/s, ~18.2 min remaining, ok=2275
[2300/4501] 2.0 videos/s, ~18.0 min remaining, ok=2300
[2325/4501] 2.0 videos/s, ~17.8 min remaining, ok=2325
[2350/4501] 2.0 videos/s, ~17.6 min remaining, ok=2350
[2375/4501] 2.0 videos/s, ~17.4 min remaining, ok=2375
[2400/4501] 2.0 videos/s, ~17.2 min remaining, ok=2400
[2425/4501] 2.0 videos/s, ~17.0 min remaining, ok=2425
[2450/4501] 2.0 videos/s, ~16.8 min remaining, ok=2450
[2475/4501] 2.0 videos/s, ~16.6 min remaining, ok=2475
[2500/4501] 2.0 videos/s, ~16.3 min remaining, ok=2500
[2525/4501] 2.0 videos/s, ~16.1 min remaining, ok=2525
[2550/4501] 2.0 videos/s, ~15.9 min remaining, ok=2550
[2575/4501] 2.0 videos/s, ~15.7 min remaining, ok=2575
[2600/4501] 2.0 videos/s, ~15.5 min remaining, ok=2600
[2625/4501] 2.0 videos/s, ~15.3 min remaining, ok=2625
[2650/4501] 2.0 videos/s, ~15.1 min remaining, ok=2650
[2675/4501] 2.0 videos/s, ~14.9 min remaining, ok=2675
[2700/4501] 2.0 videos/s, ~14.7 min remaining, ok=2700
[2725/4501] 2.0 videos/s, ~14.5 min remaining, ok=2725
[2750/4501] 2.0 videos/s, ~14.3 min remaining, ok=2750
[2775/4501] 2.0 videos/s, ~14.1 min remaining, ok=2775
[2800/4501] 2.0 videos/s, ~13.9 min remaining, ok=2800
[2825/4501] 2.0 videos/s, ~13.7 min remaining, ok=2825
[2850/4501] 2.0 videos/s, ~13.5 min remaining, ok=2850
[2875/4501] 2.0 videos/s, ~13.3 min remaining, ok=2875
[2900/4501] 2.0 videos/s, ~13.1 min remaining, ok=2900
[2925/4501] 2.0 videos/s, ~12.9 min remaining, ok=2925
[2950/4501] 2.0 videos/s, ~12.7 min remaining, ok=2950
[2975/4501] 2.0 videos/s, ~12.5 min remaining, ok=2975
[3000/4501] 2.0 videos/s, ~12.2 min remaining, ok=3000
[3025/4501] 2.0 videos/s, ~12.0 min remaining, ok=3025
[3050/4501] 2.0 videos/s, ~11.8 min remaining, ok=3050
[3075/4501] 2.0 videos/s, ~11.6 min remaining, ok=3075
[3100/4501] 2.0 videos/s, ~11.4 min remaining, ok=3100
[3125/4501] 2.0 videos/s, ~11.2 min remaining, ok=3125
[3150/4501] 2.0 videos/s, ~11.0 min remaining, ok=3150
[3175/4501] 2.0 videos/s, ~10.8 min remaining, ok=3175
[3200/4501] 2.0 videos/s, ~10.6 min remaining, ok=3200
[3225/4501] 2.0 videos/s, ~10.4 min remaining, ok=3225
[3250/4501] 2.0 videos/s, ~10.2 min remaining, ok=3250
[3275/4501] 2.0 videos/s, ~10.0 min remaining, ok=3275
[3300/4501] 2.0 videos/s, ~9.8 min remaining, ok=3300
[3325/4501] 2.0 videos/s, ~9.6 min remaining, ok=3325
[3350/4501] 2.0 videos/s, ~9.4 min remaining, ok=3350
[3375/4501] 2.0 videos/s, ~9.2 min remaining, ok=3375
[3400/4501] 2.0 videos/s, ~9.0 min remaining, ok=3400
[3425/4501] 2.0 videos/s, ~8.8 min remaining, ok=3425
[3450/4501] 2.0 videos/s, ~8.6 min remaining, ok=3450
[3475/4501] 2.0 videos/s, ~8.4 min remaining, ok=3475
[3500/4501] 2.0 videos/s, ~8.2 min remaining, ok=3500
[3525/4501] 2.0 videos/s, ~8.0 min remaining, ok=3525
[3550/4501] 2.0 videos/s, ~7.8 min remaining, ok=3550
[3575/4501] 2.0 videos/s, ~7.6 min remaining, ok=3575
[3600/4501] 2.0 videos/s, ~7.4 min remaining, ok=3600
[3625/4501] 2.0 videos/s, ~7.2 min remaining, ok=3625
[3650/4501] 2.0 videos/s, ~7.0 min remaining, ok=3650
[3675/4501] 2.0 videos/s, ~6.8 min remaining, ok=3675
[3700/4501] 2.0 videos/s, ~6.6 min remaining, ok=3700
[3725/4501] 2.0 videos/s, ~6.3 min remaining, ok=3725
[3750/4501] 2.0 videos/s, ~6.1 min remaining, ok=3750
[3775/4501] 2.0 videos/s, ~5.9 min remaining, ok=3775
[3800/4501] 2.0 videos/s, ~5.7 min remaining, ok=3800
[3825/4501] 2.0 videos/s, ~5.5 min remaining, ok=3825
[3850/4501] 2.0 videos/s, ~5.3 min remaining, ok=3850
[3875/4501] 2.0 videos/s, ~5.1 min remaining, ok=3875
[3900/4501] 2.0 videos/s, ~4.9 min remaining, ok=3900
[3925/4501] 2.0 videos/s, ~4.7 min remaining, ok=3925
[3950/4501] 2.0 videos/s, ~4.5 min remaining, ok=3950
[3975/4501] 2.0 videos/s, ~4.3 min remaining, ok=3975
[4000/4501] 2.0 videos/s, ~4.1 min remaining, ok=4000
[4025/4501] 2.0 videos/s, ~3.9 min remaining, ok=4025
[4050/4501] 2.0 videos/s, ~3.7 min remaining, ok=4050
[4075/4501] 2.0 videos/s, ~3.5 min remaining, ok=4075
[4100/4501] 2.0 videos/s, ~3.3 min remaining, ok=4100
[4125/4501] 2.0 videos/s, ~3.1 min remaining, ok=4125
[4150/4501] 2.0 videos/s, ~2.9 min remaining, ok=4150
[4175/4501] 2.0 videos/s, ~2.7 min remaining, ok=4175
[4200/4501] 2.0 videos/s, ~2.4 min remaining, ok=4200
[4225/4501] 2.0 videos/s, ~2.2 min remaining, ok=4225
[4250/4501] 2.0 videos/s, ~2.0 min remaining, ok=4250
[4275/4501] 2.0 videos/s, ~1.8 min remaining, ok=4275
[4300/4501] 2.0 videos/s, ~1.6 min remaining, ok=4300
[4325/4501] 2.1 videos/s, ~1.4 min remaining, ok=4325
[4350/4501] 2.0 videos/s, ~1.2 min remaining, ok=4350
[4375/4501] 2.0 videos/s, ~1.0 min remaining, ok=4375
[4400/4501] 2.1 videos/s, ~0.8 min remaining, ok=4400
[4425/4501] 2.1 videos/s, ~0.6 min remaining, ok=4425
[4450/4501] 2.0 videos/s, ~0.4 min remaining, ok=4450
[4475/4501] 2.1 videos/s, ~0.2 min remaining, ok=4475
[4500/4501] 2.1 videos/s, ~0.0 min remaining, ok=4500
[4501/4501] 2.1 videos/s, ~0.0 min remaining, ok=4501

=== DONE in 36.5 min ===
  ok              4501

Feature cache: output/features/A1_JAKE
Next: preprocess/chunking/build_chunks.py to detect boundaries and emit chunks.
finished: Tue 18 Aug 01:10:16 BST 2026
