host:      gpu-node02
condition: fixed   shard: 1/2   model: qwen3vl-30b
started:   Tue 18 Aug 02:34:15 BST 2026
index, name, memory.total [MiB]
0, NVIDIA A100 80GB PCIe, 81920 MiB
1, NVIDIA A100 80GB PCIe, 81920 MiB
chunks total:    5,156
this shard:      2,578  (shard 1/2)
already done:    0
to process:      2,578
token budgets:   ner=512 triples=4096
model load:      1934s
[25/2578] 22.1s/chunk, ~15.6 h remaining, empty=1, repairs=0, failures=2
[50/2578] 21.2s/chunk, ~14.9 h remaining, empty=1, repairs=0, failures=2
[75/2578] 20.5s/chunk, ~14.3 h remaining, empty=1, repairs=0, failures=2
[100/2578] 19.9s/chunk, ~13.7 h remaining, empty=1, repairs=1, failures=2
[125/2578] 19.9s/chunk, ~13.5 h remaining, empty=2, repairs=1, failures=3
[150/2578] 19.9s/chunk, ~13.5 h remaining, empty=2, repairs=1, failures=3
[175/2578] 19.7s/chunk, ~13.2 h remaining, empty=2, repairs=1, failures=3
[200/2578] 19.4s/chunk, ~12.8 h remaining, empty=5, repairs=3, failures=4
[225/2578] 19.0s/chunk, ~12.4 h remaining, empty=7, repairs=8, failures=4
[250/2578] 20.0s/chunk, ~12.9 h remaining, empty=8, repairs=8, failures=6
[275/2578] 19.3s/chunk, ~12.4 h remaining, empty=9, repairs=10, failures=6
[300/2578] 19.4s/chunk, ~12.3 h remaining, empty=10, repairs=11, failures=8
[325/2578] 19.0s/chunk, ~11.9 h remaining, empty=10, repairs=11, failures=8
[350/2578] 18.1s/chunk, ~11.2 h remaining, empty=17, repairs=15, failures=9
[375/2578] 17.7s/chunk, ~10.8 h remaining, empty=20, repairs=19, failures=9
[400/2578] 17.8s/chunk, ~10.8 h remaining, empty=21, repairs=19, failures=10
[425/2578] 17.8s/chunk, ~10.7 h remaining, empty=23, repairs=19, failures=11
[450/2578] 17.5s/chunk, ~10.4 h remaining, empty=23, repairs=20, failures=11
[475/2578] 17.5s/chunk, ~10.2 h remaining, empty=25, repairs=20, failures=13
[500/2578] 17.4s/chunk, ~10.0 h remaining, empty=25, repairs=21, failures=13
[525/2578] 17.2s/chunk, ~9.8 h remaining, empty=26, repairs=25, failures=13
[550/2578] 17.0s/chunk, ~9.6 h remaining, empty=26, repairs=26, failures=13
[575/2578] 17.0s/chunk, ~9.4 h remaining, empty=27, repairs=28, failures=13
[600/2578] 17.1s/chunk, ~9.4 h remaining, empty=27, repairs=31, failures=13
[625/2578] 17.1s/chunk, ~9.3 h remaining, empty=27, repairs=33, failures=13
[650/2578] 17.3s/chunk, ~9.3 h remaining, empty=27, repairs=34, failures=15
[675/2578] 17.4s/chunk, ~9.2 h remaining, empty=29, repairs=36, failures=17
[700/2578] 17.3s/chunk, ~9.0 h remaining, empty=29, repairs=38, failures=17
[725/2578] 17.2s/chunk, ~8.9 h remaining, empty=29, repairs=39, failures=17
[750/2578] 17.2s/chunk, ~8.8 h remaining, empty=29, repairs=41, failures=17
[775/2578] 17.1s/chunk, ~8.6 h remaining, empty=29, repairs=41, failures=17
[800/2578] 17.0s/chunk, ~8.4 h remaining, empty=31, repairs=45, failures=18
[825/2578] 16.9s/chunk, ~8.2 h remaining, empty=31, repairs=45, failures=18
[850/2578] 16.8s/chunk, ~8.1 h remaining, empty=32, repairs=46, failures=18
[875/2578] 16.8s/chunk, ~8.0 h remaining, empty=34, repairs=48, failures=19
[900/2578] 17.5s/chunk, ~8.2 h remaining, empty=35, repairs=49, failures=20
[925/2578] 17.5s/chunk, ~8.0 h remaining, empty=35, repairs=49, failures=20
[950/2578] 17.4s/chunk, ~7.9 h remaining, empty=36, repairs=50, failures=21
[975/2578] 17.3s/chunk, ~7.7 h remaining, empty=36, repairs=50, failures=21
[1000/2578] 17.2s/chunk, ~7.5 h remaining, empty=37, repairs=50, failures=22
[1025/2578] 17.2s/chunk, ~7.4 h remaining, empty=37, repairs=51, failures=22
[1050/2578] 17.2s/chunk, ~7.3 h remaining, empty=38, repairs=53, failures=24
[1075/2578] 17.2s/chunk, ~7.2 h remaining, empty=38, repairs=54, failures=24
[1100/2578] 17.1s/chunk, ~7.0 h remaining, empty=40, repairs=55, failures=24
[1125/2578] 17.0s/chunk, ~6.9 h remaining, empty=40, repairs=56, failures=24
[1150/2578] 16.9s/chunk, ~6.7 h remaining, empty=40, repairs=57, failures=24
[1175/2578] 16.8s/chunk, ~6.6 h remaining, empty=40, repairs=58, failures=24
[1200/2578] 16.8s/chunk, ~6.4 h remaining, empty=42, repairs=61, failures=25
[1225/2578] 16.8s/chunk, ~6.3 h remaining, empty=43, repairs=62, failures=25
[1250/2578] 16.8s/chunk, ~6.2 h remaining, empty=43, repairs=64, failures=25
[1275/2578] 16.8s/chunk, ~6.1 h remaining, empty=43, repairs=65, failures=25
[1300/2578] 17.0s/chunk, ~6.0 h remaining, empty=48, repairs=67, failures=27
[1325/2578] 17.0s/chunk, ~5.9 h remaining, empty=54, repairs=70, failures=28
[1350/2578] 17.0s/chunk, ~5.8 h remaining, empty=55, repairs=72, failures=28
[1375/2578] 17.0s/chunk, ~5.7 h remaining, empty=55, repairs=73, failures=28
[1400/2578] 17.3s/chunk, ~5.6 h remaining, empty=57, repairs=73, failures=33
[1425/2578] 17.2s/chunk, ~5.5 h remaining, empty=58, repairs=73, failures=34
[1450/2578] 17.2s/chunk, ~5.4 h remaining, empty=58, repairs=75, failures=34
[1475/2578] 17.2s/chunk, ~5.3 h remaining, empty=58, repairs=77, failures=34
[1500/2578] 17.1s/chunk, ~5.1 h remaining, empty=60, repairs=79, failures=34
[1525/2578] 17.0s/chunk, ~5.0 h remaining, empty=60, repairs=79, failures=34
[1550/2578] 16.9s/chunk, ~4.8 h remaining, empty=62, repairs=79, failures=35
[1575/2578] 16.9s/chunk, ~4.7 h remaining, empty=62, repairs=79, failures=35
[1600/2578] 16.9s/chunk, ~4.6 h remaining, empty=62, repairs=81, failures=35
[1625/2578] 16.9s/chunk, ~4.5 h remaining, empty=67, repairs=84, failures=38
[1650/2578] 16.8s/chunk, ~4.3 h remaining, empty=67, repairs=84, failures=38
[1675/2578] 16.7s/chunk, ~4.2 h remaining, empty=67, repairs=84, failures=38
[1700/2578] 16.7s/chunk, ~4.1 h remaining, empty=67, repairs=84, failures=38
[1725/2578] 16.7s/chunk, ~4.0 h remaining, empty=67, repairs=86, failures=39
[1750/2578] 16.7s/chunk, ~3.8 h remaining, empty=68, repairs=87, failures=40
[1775/2578] 16.8s/chunk, ~3.7 h remaining, empty=68, repairs=88, failures=41
[1800/2578] 16.7s/chunk, ~3.6 h remaining, empty=68, repairs=88, failures=41
[1825/2578] 16.7s/chunk, ~3.5 h remaining, empty=68, repairs=92, failures=41
[1850/2578] 16.7s/chunk, ~3.4 h remaining, empty=69, repairs=93, failures=42
[1875/2578] 16.7s/chunk, ~3.3 h remaining, empty=70, repairs=93, failures=42
[1900/2578] 16.7s/chunk, ~3.1 h remaining, empty=72, repairs=94, failures=43
[1925/2578] 16.7s/chunk, ~3.0 h remaining, empty=73, repairs=94, failures=44
[1950/2578] 16.6s/chunk, ~2.9 h remaining, empty=73, repairs=94, failures=44
[1975/2578] 16.6s/chunk, ~2.8 h remaining, empty=73, repairs=94, failures=44
[2000/2578] 16.6s/chunk, ~2.7 h remaining, empty=74, repairs=95, failures=45
[2025/2578] 16.6s/chunk, ~2.5 h remaining, empty=74, repairs=96, failures=45
[2050/2578] 16.5s/chunk, ~2.4 h remaining, empty=74, repairs=96, failures=45
[2075/2578] 16.5s/chunk, ~2.3 h remaining, empty=75, repairs=97, failures=45
[2100/2578] 16.4s/chunk, ~2.2 h remaining, empty=77, repairs=99, failures=46
[2125/2578] 16.4s/chunk, ~2.1 h remaining, empty=77, repairs=99, failures=47
[2150/2578] 16.4s/chunk, ~1.9 h remaining, empty=77, repairs=99, failures=47
[2175/2578] 16.4s/chunk, ~1.8 h remaining, empty=77, repairs=100, failures=48
[2200/2578] 16.3s/chunk, ~1.7 h remaining, empty=79, repairs=100, failures=49
[2225/2578] 16.2s/chunk, ~1.6 h remaining, empty=81, repairs=100, failures=49
[2250/2578] 16.2s/chunk, ~1.5 h remaining, empty=83, repairs=100, failures=49
[2275/2578] 16.2s/chunk, ~1.4 h remaining, empty=83, repairs=100, failures=49
[2300/2578] 16.2s/chunk, ~1.3 h remaining, empty=84, repairs=102, failures=49
[2325/2578] 16.2s/chunk, ~1.1 h remaining, empty=86, repairs=107, failures=49
[2350/2578] 16.2s/chunk, ~1.0 h remaining, empty=87, repairs=109, failures=51
[2375/2578] 16.2s/chunk, ~0.9 h remaining, empty=92, repairs=113, failures=51
[2400/2578] 16.2s/chunk, ~0.8 h remaining, empty=93, repairs=114, failures=52
[2425/2578] 16.2s/chunk, ~0.7 h remaining, empty=97, repairs=117, failures=53
[2450/2578] 16.2s/chunk, ~0.6 h remaining, empty=97, repairs=117, failures=53
[2475/2578] 16.1s/chunk, ~0.5 h remaining, empty=98, repairs=117, failures=54
[2500/2578] 16.1s/chunk, ~0.3 h remaining, empty=100, repairs=121, failures=54
[2525/2578] 16.0s/chunk, ~0.2 h remaining, empty=103, repairs=123, failures=54
[2550/2578] 16.0s/chunk, ~0.1 h remaining, empty=104, repairs=123, failures=54
[2575/2578] 16.0s/chunk, ~0.0 h remaining, empty=107, repairs=127, failures=55
[2578/2578] 16.0s/chunk, ~0.0 h remaining, empty=108, repairs=127, failures=55

=== SHARD 1 DONE in 11.43 h (16.0s/chunk) ===
  chunks with text but no triples: 108/2578
  parse repairs:  127
  parse failures: 55
finished: Tue 18 Aug 14:32:17 BST 2026
