host:      gpu-node02
condition: fixed   shard: 0/2   model: qwen3vl-30b
started:   Tue 18 Aug 02:29:13 BST 2026
index, name, memory.total [MiB]
0, NVIDIA A100 80GB PCIe, 81920 MiB
1, NVIDIA A100 80GB PCIe, 81920 MiB
chunks total:    5,156
this shard:      2,578  (shard 0/2)
already done:    0
to process:      2,578
token budgets:   ner=512 triples=4096
model load:      1953s
[25/2578] 21.8s/chunk, ~15.5 h remaining, empty=1, repairs=1, failures=1
[50/2578] 19.9s/chunk, ~14.0 h remaining, empty=1, repairs=2, failures=1
[75/2578] 20.7s/chunk, ~14.4 h remaining, empty=2, repairs=2, failures=2
[100/2578] 19.8s/chunk, ~13.6 h remaining, empty=2, repairs=2, failures=2
[125/2578] 20.3s/chunk, ~13.8 h remaining, empty=3, repairs=3, failures=3
[150/2578] 20.7s/chunk, ~14.0 h remaining, empty=3, repairs=4, failures=3
[175/2578] 20.3s/chunk, ~13.6 h remaining, empty=3, repairs=4, failures=3
[200/2578] 20.1s/chunk, ~13.3 h remaining, empty=5, repairs=5, failures=5
[225/2578] 19.4s/chunk, ~12.7 h remaining, empty=5, repairs=6, failures=5
[250/2578] 18.9s/chunk, ~12.2 h remaining, empty=7, repairs=7, failures=6
[275/2578] 18.7s/chunk, ~12.0 h remaining, empty=7, repairs=7, failures=7
[300/2578] 18.6s/chunk, ~11.8 h remaining, empty=7, repairs=8, failures=7
[325/2578] 18.2s/chunk, ~11.4 h remaining, empty=7, repairs=10, failures=7
[350/2578] 17.6s/chunk, ~10.9 h remaining, empty=16, repairs=12, failures=10
[375/2578] 17.3s/chunk, ~10.6 h remaining, empty=18, repairs=14, failures=10
[400/2578] 17.4s/chunk, ~10.5 h remaining, empty=18, repairs=14, failures=10
[425/2578] 17.2s/chunk, ~10.3 h remaining, empty=18, repairs=15, failures=10
[450/2578] 17.2s/chunk, ~10.2 h remaining, empty=21, repairs=17, failures=12
[475/2578] 17.2s/chunk, ~10.0 h remaining, empty=21, repairs=18, failures=12
[500/2578] 17.2s/chunk, ~10.0 h remaining, empty=22, repairs=18, failures=13
[525/2578] 17.3s/chunk, ~9.8 h remaining, empty=25, repairs=20, failures=14
[550/2578] 17.1s/chunk, ~9.6 h remaining, empty=26, repairs=22, failures=14
[575/2578] 17.0s/chunk, ~9.5 h remaining, empty=26, repairs=23, failures=14
[600/2578] 16.9s/chunk, ~9.3 h remaining, empty=27, repairs=24, failures=15
[625/2578] 16.9s/chunk, ~9.1 h remaining, empty=27, repairs=26, failures=15
[650/2578] 17.0s/chunk, ~9.1 h remaining, empty=29, repairs=28, failures=17
[675/2578] 17.0s/chunk, ~9.0 h remaining, empty=29, repairs=28, failures=17
[700/2578] 16.9s/chunk, ~8.8 h remaining, empty=30, repairs=29, failures=17
[725/2578] 16.8s/chunk, ~8.7 h remaining, empty=31, repairs=29, failures=18
[750/2578] 16.9s/chunk, ~8.6 h remaining, empty=32, repairs=29, failures=19
[775/2578] 16.8s/chunk, ~8.4 h remaining, empty=32, repairs=32, failures=19
[800/2578] 16.7s/chunk, ~8.2 h remaining, empty=33, repairs=35, failures=19
[825/2578] 16.5s/chunk, ~8.0 h remaining, empty=35, repairs=35, failures=19
[850/2578] 16.4s/chunk, ~7.9 h remaining, empty=36, repairs=36, failures=20
[875/2578] 16.5s/chunk, ~7.8 h remaining, empty=37, repairs=36, failures=22
[900/2578] 16.5s/chunk, ~7.7 h remaining, empty=37, repairs=37, failures=22
[925/2578] 16.6s/chunk, ~7.6 h remaining, empty=40, repairs=37, failures=24
[950/2578] 16.5s/chunk, ~7.4 h remaining, empty=41, repairs=38, failures=25
[975/2578] 16.5s/chunk, ~7.4 h remaining, empty=42, repairs=38, failures=26
[1000/2578] 16.4s/chunk, ~7.2 h remaining, empty=43, repairs=38, failures=26
[1025/2578] 16.3s/chunk, ~7.0 h remaining, empty=43, repairs=38, failures=26
[1050/2578] 16.4s/chunk, ~7.0 h remaining, empty=43, repairs=38, failures=26
[1075/2578] 16.4s/chunk, ~6.8 h remaining, empty=43, repairs=38, failures=26
[1100/2578] 16.6s/chunk, ~6.8 h remaining, empty=47, repairs=40, failures=28
[1125/2578] 16.5s/chunk, ~6.7 h remaining, empty=47, repairs=40, failures=28
[1150/2578] 16.5s/chunk, ~6.5 h remaining, empty=49, repairs=41, failures=29
[1175/2578] 16.5s/chunk, ~6.4 h remaining, empty=50, repairs=41, failures=30
[1200/2578] 16.6s/chunk, ~6.4 h remaining, empty=50, repairs=43, failures=31
[1225/2578] 16.7s/chunk, ~6.3 h remaining, empty=51, repairs=44, failures=32
[1250/2578] 16.7s/chunk, ~6.1 h remaining, empty=52, repairs=44, failures=32
[1275/2578] 16.7s/chunk, ~6.0 h remaining, empty=52, repairs=44, failures=32
[1300/2578] 16.6s/chunk, ~5.9 h remaining, empty=54, repairs=47, failures=32
[1325/2578] 16.5s/chunk, ~5.7 h remaining, empty=58, repairs=53, failures=32
[1350/2578] 16.5s/chunk, ~5.6 h remaining, empty=58, repairs=54, failures=32
[1375/2578] 16.4s/chunk, ~5.5 h remaining, empty=58, repairs=55, failures=32
[1400/2578] 16.5s/chunk, ~5.4 h remaining, empty=60, repairs=56, failures=34
[1425/2578] 16.5s/chunk, ~5.3 h remaining, empty=60, repairs=57, failures=34
[1450/2578] 16.6s/chunk, ~5.2 h remaining, empty=65, repairs=61, failures=35
[1475/2578] 16.6s/chunk, ~5.1 h remaining, empty=66, repairs=63, failures=35
[1500/2578] 16.5s/chunk, ~5.0 h remaining, empty=67, repairs=64, failures=36
[1525/2578] 16.5s/chunk, ~4.8 h remaining, empty=68, repairs=66, failures=36
[1550/2578] 16.5s/chunk, ~4.7 h remaining, empty=69, repairs=66, failures=37
[1575/2578] 16.4s/chunk, ~4.6 h remaining, empty=70, repairs=67, failures=37
[1600/2578] 16.3s/chunk, ~4.4 h remaining, empty=71, repairs=68, failures=37
[1625/2578] 16.3s/chunk, ~4.3 h remaining, empty=73, repairs=71, failures=37
[1650/2578] 16.3s/chunk, ~4.2 h remaining, empty=74, repairs=73, failures=39
[1675/2578] 16.2s/chunk, ~4.1 h remaining, empty=76, repairs=74, failures=39
[1700/2578] 16.2s/chunk, ~4.0 h remaining, empty=77, repairs=75, failures=40
[1725/2578] 16.2s/chunk, ~3.8 h remaining, empty=78, repairs=75, failures=40
[1750/2578] 16.2s/chunk, ~3.7 h remaining, empty=79, repairs=76, failures=41
[1775/2578] 16.2s/chunk, ~3.6 h remaining, empty=82, repairs=81, failures=41
[1800/2578] 16.2s/chunk, ~3.5 h remaining, empty=82, repairs=81, failures=41
[1825/2578] 16.1s/chunk, ~3.4 h remaining, empty=85, repairs=82, failures=42
[1850/2578] 16.2s/chunk, ~3.3 h remaining, empty=86, repairs=82, failures=44
[1875/2578] 16.2s/chunk, ~3.2 h remaining, empty=86, repairs=84, failures=44
[1900/2578] 16.2s/chunk, ~3.0 h remaining, empty=88, repairs=84, failures=45
[1925/2578] 16.1s/chunk, ~2.9 h remaining, empty=89, repairs=85, failures=45
[1950/2578] 16.1s/chunk, ~2.8 h remaining, empty=90, repairs=87, failures=45
[1975/2578] 16.1s/chunk, ~2.7 h remaining, empty=90, repairs=87, failures=45
[2000/2578] 16.1s/chunk, ~2.6 h remaining, empty=90, repairs=89, failures=45
[2025/2578] 16.1s/chunk, ~2.5 h remaining, empty=92, repairs=90, failures=47
[2050/2578] 16.1s/chunk, ~2.4 h remaining, empty=92, repairs=90, failures=47
[2075/2578] 16.1s/chunk, ~2.2 h remaining, empty=95, repairs=92, failures=48
[2100/2578] 16.0s/chunk, ~2.1 h remaining, empty=99, repairs=93, failures=49
[2125/2578] 16.0s/chunk, ~2.0 h remaining, empty=99, repairs=93, failures=49
[2150/2578] 16.0s/chunk, ~1.9 h remaining, empty=100, repairs=94, failures=50
[2175/2578] 16.0s/chunk, ~1.8 h remaining, empty=100, repairs=95, failures=50
[2200/2578] 16.0s/chunk, ~1.7 h remaining, empty=102, repairs=97, failures=52
[2225/2578] 15.9s/chunk, ~1.6 h remaining, empty=102, repairs=99, failures=52
[2250/2578] 15.9s/chunk, ~1.4 h remaining, empty=103, repairs=100, failures=52
[2275/2578] 16.0s/chunk, ~1.3 h remaining, empty=103, repairs=102, failures=52
[2300/2578] 16.0s/chunk, ~1.2 h remaining, empty=104, repairs=103, failures=53
[2325/2578] 16.0s/chunk, ~1.1 h remaining, empty=109, repairs=107, failures=53
[2350/2578] 16.0s/chunk, ~1.0 h remaining, empty=110, repairs=109, failures=53
[2375/2578] 16.0s/chunk, ~0.9 h remaining, empty=113, repairs=115, failures=53
[2400/2578] 16.0s/chunk, ~0.8 h remaining, empty=114, repairs=118, failures=53
[2425/2578] 16.0s/chunk, ~0.7 h remaining, empty=117, repairs=120, failures=54
[2450/2578] 16.0s/chunk, ~0.6 h remaining, empty=119, repairs=123, failures=54
[2475/2578] 15.9s/chunk, ~0.5 h remaining, empty=120, repairs=125, failures=54
[2500/2578] 15.9s/chunk, ~0.3 h remaining, empty=120, repairs=126, failures=54
[2525/2578] 16.1s/chunk, ~0.2 h remaining, empty=122, repairs=129, failures=57
[2550/2578] 16.0s/chunk, ~0.1 h remaining, empty=122, repairs=131, failures=57
[2575/2578] 16.0s/chunk, ~0.0 h remaining, empty=122, repairs=131, failures=57
[2578/2578] 16.0s/chunk, ~0.0 h remaining, empty=122, repairs=131, failures=57

=== SHARD 0 DONE in 11.43 h (16.0s/chunk) ===
  chunks with text but no triples: 122/2578
  parse repairs:  131
  parse failures: 57
finished: Tue 18 Aug 14:27:41 BST 2026
